// Jest Snapshot v1, https://goo.gl/fbAQLP

exports[`test the MissionPage snapshot 1`] = `
<section
  className="missiontable"
>
  <table>
    <thead>
      <tr>
        <th>
          <h4>
            Mission
          </h4>
        </th>
        <th>
          <h4>
            Description
          </h4>
        </th>
        <th>
          <h4>
            Status
          </h4>
        </th>
        <th>
          <h4>
            .
          </h4>
        </th>
      </tr>
    </thead>
    <tbody />
  </table>
</section>
`;
